Component: ARM Compiler 6.16 Tool: armlink [5dfeaa00]

==============================================================================

Section Cross References

    myadc.o(.ARM.exidx.text.ADC_set_conversion_sequence) refers to myadc.o(.text.ADC_set_conversion_sequence) for [Anonymous Symbol]
    myadc.o(.ARM.exidx.text.ADC_set_sample_time) refers to myadc.o(.text.ADC_set_sample_time) for [Anonymous Symbol]
    mygpio.o(.ARM.exidx.text.MyGPIO_Init) refers to mygpio.o(.text.MyGPIO_Init) for [Anonymous Symbol]
    mygpio.o(.ARM.exidx.text.MyGPIO_Read) refers to mygpio.o(.text.MyGPIO_Read) for [Anonymous Symbol]
    mygpio.o(.ARM.exidx.text.MyGPIO_Write) refers to mygpio.o(.text.MyGPIO_Write) for [Anonymous Symbol]
    mygpio.o(.ARM.exidx.text.MyGPIO_Set) refers to mygpio.o(.text.MyGPIO_Set) for [Anonymous Symbol]
    mygpio.o(.ARM.exidx.text.MyGPIO_Reset) refers to mygpio.o(.text.MyGPIO_Reset) for [Anonymous Symbol]
    mygpio.o(.ARM.exidx.text.MyGPIO_Toggle) refers to mygpio.o(.text.MyGPIO_Toggle) for [Anonymous Symbol]
    mytimer.o(.ARM.exidx.text.MyTimer_DefaultHandler) refers to mytimer.o(.text.MyTimer_DefaultHandler) for [Anonymous Symbol]
    mytimer.o(.ARM.exidx.text.MyTimer_Base_Init) refers to mytimer.o(.text.MyTimer_Base_Init) for [Anonymous Symbol]
    mytimer.o(.text.MyTimer_ActiveIT) refers to mytimer.o(.data.MyTimer_TIM3_Handler) for MyTimer_TIM3_Handler
    mytimer.o(.text.MyTimer_ActiveIT) refers to mytimer.o(.data.MyTimer_TIM1_Handler) for MyTimer_TIM1_Handler
    mytimer.o(.text.MyTimer_ActiveIT) refers to mytimer.o(.data.MyTimer_TIM2_Handler) for MyTimer_TIM2_Handler
    mytimer.o(.text.MyTimer_ActiveIT) refers to mytimer.o(.data.MyTimer_TIM4_Handler) for MyTimer_TIM4_Handler
    mytimer.o(.text.MyTimer_ActiveIT) refers to mytimer.o(.text.__NVIC_EnableIRQ) for __NVIC_EnableIRQ
    mytimer.o(.text.MyTimer_ActiveIT) refers to mytimer.o(.text.__NVIC_SetPriority) for __NVIC_SetPriority
    mytimer.o(.ARM.exidx.text.MyTimer_ActiveIT) refers to mytimer.o(.text.MyTimer_ActiveIT) for [Anonymous Symbol]
    mytimer.o(.ARM.exidx.text.__NVIC_EnableIRQ) refers to mytimer.o(.text.__NVIC_EnableIRQ) for [Anonymous Symbol]
    mytimer.o(.ARM.exidx.text.__NVIC_SetPriority) refers to mytimer.o(.text.__NVIC_SetPriority) for [Anonymous Symbol]
    mytimer.o(.text.TIM1_UP_IRQHandler) refers to mytimer.o(.data.MyTimer_TIM1_Handler) for MyTimer_TIM1_Handler
    mytimer.o(.ARM.exidx.text.TIM1_UP_IRQHandler) refers to mytimer.o(.text.TIM1_UP_IRQHandler) for [Anonymous Symbol]
    mytimer.o(.text.TIM2_IRQHandler) refers to mytimer.o(.data.MyTimer_TIM2_Handler) for MyTimer_TIM2_Handler
    mytimer.o(.ARM.exidx.text.TIM2_IRQHandler) refers to mytimer.o(.text.TIM2_IRQHandler) for [Anonymous Symbol]
    mytimer.o(.text.TIM3_IRQHandler) refers to mytimer.o(.data.MyTimer_TIM3_Handler) for MyTimer_TIM3_Handler
    mytimer.o(.ARM.exidx.text.TIM3_IRQHandler) refers to mytimer.o(.text.TIM3_IRQHandler) for [Anonymous Symbol]
    mytimer.o(.text.TIM4_IRQHandler) refers to mytimer.o(.data.MyTimer_TIM4_Handler) for MyTimer_TIM4_Handler
    mytimer.o(.ARM.exidx.text.TIM4_IRQHandler) refers to mytimer.o(.text.TIM4_IRQHandler) for [Anonymous Symbol]
    mytimer.o(.ARM.exidx.text.MyTimer_PWM) refers to mytimer.o(.text.MyTimer_PWM) for [Anonymous Symbol]
    mytimer.o(.data.MyTimer_TIM1_Handler) refers to mytimer.o(.text.MyTimer_DefaultHandler) for MyTimer_DefaultHandler
    mytimer.o(.data.MyTimer_TIM2_Handler) refers to mytimer.o(.text.MyTimer_DefaultHandler) for MyTimer_DefaultHandler
    mytimer.o(.data.MyTimer_TIM3_Handler) refers to mytimer.o(.text.MyTimer_DefaultHandler) for MyTimer_DefaultHandler
    mytimer.o(.data.MyTimer_TIM4_Handler) refers to mytimer.o(.text.MyTimer_DefaultHandler) for MyTimer_DefaultHandler
    contole_voilier.o(.text.init_moteur) refers to contole_voilier.o(.bss.GPIO_orient_moteur) for GPIO_orient_moteur
    contole_voilier.o(.text.init_moteur) refers to contole_voilier.o(.bss.GPIO_vitesse_moteur) for GPIO_vitesse_moteur
    contole_voilier.o(.text.init_moteur) refers to contole_voilier.o(.bss.TIM2_CH2) for TIM2_CH2
    contole_voilier.o(.text.init_moteur) refers to mygpio.o(.text.MyGPIO_Init) for MyGPIO_Init
    contole_voilier.o(.text.init_moteur) refers to mytimer.o(.text.MyTimer_Base_Init) for MyTimer_Base_Init
    contole_voilier.o(.text.init_moteur) refers to mytimer.o(.text.MyTimer_PWM) for MyTimer_PWM
    contole_voilier.o(.ARM.exidx.text.init_moteur) refers to contole_voilier.o(.text.init_moteur) for [Anonymous Symbol]
    contole_voilier.o(.text.set_motor) refers to contole_voilier.o(.bss.GPIO_orient_moteur) for GPIO_orient_moteur
    contole_voilier.o(.text.set_motor) refers to mygpio.o(.text.MyGPIO_Set) for MyGPIO_Set
    contole_voilier.o(.text.set_motor) refers to mygpio.o(.text.MyGPIO_Reset) for MyGPIO_Reset
    contole_voilier.o(.ARM.exidx.text.set_motor) refers to contole_voilier.o(.text.set_motor) for [Anonymous Symbol]
    contole_voilier.o(.text.start_moteur) refers to contole_voilier.o(.bss.TIM2_CH2) for TIM2_CH2
    contole_voilier.o(.ARM.exidx.text.start_moteur) refers to contole_voilier.o(.text.start_moteur) for [Anonymous Symbol]
    contole_voilier.o(.text.stop_moteur) refers to contole_voilier.o(.bss.TIM2_CH2) for TIM2_CH2
    contole_voilier.o(.ARM.exidx.text.stop_moteur) refers to contole_voilier.o(.text.stop_moteur) for [Anonymous Symbol]
    main.o(.text.main) refers to contole_voilier.o(.text.init_moteur) for init_moteur
    main.o(.text.main) refers to contole_voilier.o(.text.set_motor) for set_motor
    main.o(.text.main) refers to contole_voilier.o(.text.start_moteur) for start_moteur
    main.o(.text.main) refers to contole_voilier.o(.text.stop_moteur) for stop_moteur
    main.o(.ARM.exidx.text.main) refers to main.o(.text.main) for [Anonymous Symbol]
    startup_stm32f10x_md.o(RESET) refers to startup_stm32f10x_md.o(STACK) for __initial_sp
    startup_stm32f10x_md.o(RESET) refers to startup_stm32f10x_md.o(.text) for Reset_Handler
    startup_stm32f10x_md.o(RESET) refers to mytimer.o(.text.TIM1_UP_IRQHandler) for TIM1_UP_IRQHandler
    startup_stm32f10x_md.o(RESET) refers to mytimer.o(.text.TIM2_IRQHandler) for TIM2_IRQHandler
    startup_stm32f10x_md.o(RESET) refers to mytimer.o(.text.TIM3_IRQHandler) for TIM3_IRQHandler
    startup_stm32f10x_md.o(RESET) refers to mytimer.o(.text.TIM4_IRQHandler) for TIM4_IRQHandler
    startup_stm32f10x_md.o(.text) refers to system_stm32f10x.o(.text.SystemInit) for SystemInit
    startup_stm32f10x_md.o(.text) refers to entry.o(.ARM.Collect$$$$00000000) for __main
    system_stm32f10x.o(.text.SystemInit) refers to system_stm32f10x.o(.text.SetSysClock) for SetSysClock
    system_stm32f10x.o(.ARM.exidx.text.SystemInit) refers to system_stm32f10x.o(.text.SystemInit) for [Anonymous Symbol]
    system_stm32f10x.o(.text.SetSysClock) refers to system_stm32f10x.o(.text.SetSysClockTo72) for SetSysClockTo72
    system_stm32f10x.o(.ARM.exidx.text.SetSysClock) refers to system_stm32f10x.o(.text.SetSysClock) for [Anonymous Symbol]
    system_stm32f10x.o(.text.SystemCoreClockUpdate) refers to system_stm32f10x.o(.data.SystemCoreClock) for SystemCoreClock
    system_stm32f10x.o(.text.SystemCoreClockUpdate) refers to system_stm32f10x.o(.rodata.AHBPrescTable) for AHBPrescTable
    system_stm32f10x.o(.ARM.exidx.text.SystemCoreClockUpdate) refers to system_stm32f10x.o(.text.SystemCoreClockUpdate) for [Anonymous Symbol]
    system_stm32f10x.o(.ARM.exidx.text.SetSysClockTo72) refers to system_stm32f10x.o(.text.SetSysClockTo72) for [Anonymous Symbol]
    entry.o(.ARM.Collect$$$$00000000) refers (Special) to entry10a.o(.ARM.Collect$$$$0000000D) for __rt_final_cpp
    entry.o(.ARM.Collect$$$$00000000) refers (Special) to entry11a.o(.ARM.Collect$$$$0000000F) for __rt_final_exit
    entry.o(.ARM.Collect$$$$00000000) refers (Special) to entry7b.o(.ARM.Collect$$$$00000008) for _main_clock
    entry.o(.ARM.Collect$$$$00000000) refers (Special) to entry8b.o(.ARM.Collect$$$$0000000A) for _main_cpp_init
    entry.o(.ARM.Collect$$$$00000000) refers (Special) to entry9a.o(.ARM.Collect$$$$0000000B) for _main_init
    entry.o(.ARM.Collect$$$$00000000) refers (Special) to entry5.o(.ARM.Collect$$$$00000004) for _main_scatterload
    entry.o(.ARM.Collect$$$$00000000) refers (Special) to entry2.o(.ARM.Collect$$$$00000001) for _main_stk
    entry2.o(.ARM.Collect$$$$00000001) refers to entry2.o(.ARM.Collect$$$$00002712) for __lit__00000000
    entry2.o(.ARM.Collect$$$$00002712) refers to startup_stm32f10x_md.o(STACK) for __initial_sp
    entry2.o(__vectab_stack_and_reset_area) refers to startup_stm32f10x_md.o(STACK) for __initial_sp
    entry2.o(__vectab_stack_and_reset_area) refers to entry.o(.ARM.Collect$$$$00000000) for __main
    entry5.o(.ARM.Collect$$$$00000004) refers to init.o(.text) for __scatterload
    entry9a.o(.ARM.Collect$$$$0000000B) refers to main.o(.text.main) for main
    entry9b.o(.ARM.Collect$$$$0000000C) refers to main.o(.text.main) for main
    init.o(.text) refers to entry5.o(.ARM.Collect$$$$00000004) for __main_after_scatterload


==============================================================================

Removing Unused input sections from the image.

    Removing myadc.o(.text), (0 bytes).
    Removing myadc.o(.text.ADC_set_conversion_sequence), (52 bytes).
    Removing myadc.o(.ARM.exidx.text.ADC_set_conversion_sequence), (8 bytes).
    Removing myadc.o(.text.ADC_set_sample_time), (46 bytes).
    Removing myadc.o(.ARM.exidx.text.ADC_set_sample_time), (8 bytes).
    Removing mygpio.o(.text), (0 bytes).
    Removing mygpio.o(.ARM.exidx.text.MyGPIO_Init), (8 bytes).
    Removing mygpio.o(.text.MyGPIO_Read), (10 bytes).
    Removing mygpio.o(.ARM.exidx.text.MyGPIO_Read), (8 bytes).
    Removing mygpio.o(.text.MyGPIO_Write), (12 bytes).
    Removing mygpio.o(.ARM.exidx.text.MyGPIO_Write), (8 bytes).
    Removing mygpio.o(.ARM.exidx.text.MyGPIO_Set), (8 bytes).
    Removing mygpio.o(.ARM.exidx.text.MyGPIO_Reset), (8 bytes).
    Removing mygpio.o(.text.MyGPIO_Toggle), (14 bytes).
    Removing mygpio.o(.ARM.exidx.text.MyGPIO_Toggle), (8 bytes).
    Removing mytimer.o(.text), (0 bytes).
    Removing mytimer.o(.ARM.exidx.text.MyTimer_DefaultHandler), (8 bytes).
    Removing mytimer.o(.ARM.exidx.text.MyTimer_Base_Init), (8 bytes).
    Removing mytimer.o(.text.MyTimer_ActiveIT), (136 bytes).
    Removing mytimer.o(.ARM.exidx.text.MyTimer_ActiveIT), (8 bytes).
    Removing mytimer.o(.text.__NVIC_EnableIRQ), (22 bytes).
    Removing mytimer.o(.ARM.exidx.text.__NVIC_EnableIRQ), (8 bytes).
    Removing mytimer.o(.text.__NVIC_SetPriority), (16 bytes).
    Removing mytimer.o(.ARM.exidx.text.__NVIC_SetPriority), (8 bytes).
    Removing mytimer.o(.ARM.exidx.text.TIM1_UP_IRQHandler), (8 bytes).
    Removing mytimer.o(.ARM.exidx.text.TIM2_IRQHandler), (8 bytes).
    Removing mytimer.o(.ARM.exidx.text.TIM3_IRQHandler), (8 bytes).
    Removing mytimer.o(.ARM.exidx.text.TIM4_IRQHandler), (8 bytes).
    Removing mytimer.o(.ARM.exidx.text.MyTimer_PWM), (8 bytes).
    Removing contole_voilier.o(.text), (0 bytes).
    Removing contole_voilier.o(.ARM.exidx.text.init_moteur), (8 bytes).
    Removing contole_voilier.o(.ARM.exidx.text.set_motor), (8 bytes).
    Removing contole_voilier.o(.ARM.exidx.text.start_moteur), (8 bytes).
    Removing contole_voilier.o(.ARM.exidx.text.stop_moteur), (8 bytes).
    Removing main.o(.text), (0 bytes).
    Removing main.o(.ARM.exidx.text.main), (8 bytes).
    Removing main.o(.ARM.use_no_argv), (4 bytes).
    Removing startup_stm32f10x_md.o(HEAP), (512 bytes).
    Removing system_stm32f10x.o(.text), (0 bytes).
    Removing system_stm32f10x.o(.ARM.exidx.text.SystemInit), (8 bytes).
    Removing system_stm32f10x.o(.ARM.exidx.text.SetSysClock), (8 bytes).
    Removing system_stm32f10x.o(.text.SystemCoreClockUpdate), (110 bytes).
    Removing system_stm32f10x.o(.ARM.exidx.text.SystemCoreClockUpdate), (8 bytes).
    Removing system_stm32f10x.o(.ARM.exidx.text.SetSysClockTo72), (8 bytes).
    Removing system_stm32f10x.o(.data.SystemCoreClock), (4 bytes).
    Removing system_stm32f10x.o(.rodata.AHBPrescTable), (16 bytes).

46 unused section(s) (total 1170 bytes) removed from the image.

==============================================================================

Image Symbol Table

    Local Symbols

    Symbol Name                              Value     Ov Type        Size  Object(Section)

    ../clib/microlib/init/entry.s            0x00000000   Number         0  entry.o ABSOLUTE
    ../clib/microlib/init/entry.s            0x00000000   Number         0  entry2.o ABSOLUTE
    ../clib/microlib/init/entry.s            0x00000000   Number         0  entry5.o ABSOLUTE
    ../clib/microlib/init/entry.s            0x00000000   Number         0  entry7a.o ABSOLUTE
    ../clib/microlib/init/entry.s            0x00000000   Number         0  entry7b.o ABSOLUTE
    ../clib/microlib/init/entry.s            0x00000000   Number         0  entry8a.o ABSOLUTE
    ../clib/microlib/init/entry.s            0x00000000   Number         0  entry8b.o ABSOLUTE
    ../clib/microlib/init/entry.s            0x00000000   Number         0  entry9a.o ABSOLUTE
    ../clib/microlib/init/entry.s            0x00000000   Number         0  entry9b.o ABSOLUTE
    ../clib/microlib/init/entry.s            0x00000000   Number         0  entry10a.o ABSOLUTE
    ../clib/microlib/init/entry.s            0x00000000   Number         0  entry10b.o ABSOLUTE
    ../clib/microlib/init/entry.s            0x00000000   Number         0  entry11a.o ABSOLUTE
    ../clib/microlib/init/entry.s            0x00000000   Number         0  entry11b.o ABSOLUTE
    MyADC.c                                  0x00000000   Number         0  myadc.o ABSOLUTE
    MyGPIO.c                                 0x00000000   Number         0  mygpio.o ABSOLUTE
    MyTimer.c                                0x00000000   Number         0  mytimer.o ABSOLUTE
    RTE/Device/STM32F103RB/startup_stm32f10x_md.s 0x00000000   Number         0  startup_stm32f10x_md.o ABSOLUTE
    contole_voilier.c                        0x00000000   Number         0  contole_voilier.o ABSOLUTE
    dc.s                                     0x00000000   Number         0  dc.o ABSOLUTE
    handlers.s                               0x00000000   Number         0  handlers.o ABSOLUTE
    init.s                                   0x00000000   Number         0  init.o ABSOLUTE
    main.c                                   0x00000000   Number         0  main.o ABSOLUTE
    system_stm32f10x.c                       0x00000000   Number         0  system_stm32f10x.o ABSOLUTE
    RESET                                    0x08000000   Section      236  startup_stm32f10x_md.o(RESET)
    .ARM.Collect$$$$00000000                 0x080000ec   Section        0  entry.o(.ARM.Collect$$$$00000000)
    .ARM.Collect$$$$00000001                 0x080000ec   Section        4  entry2.o(.ARM.Collect$$$$00000001)
    .ARM.Collect$$$$00000004                 0x080000f0   Section        4  entry5.o(.ARM.Collect$$$$00000004)
    .ARM.Collect$$$$00000008                 0x080000f4   Section        0  entry7b.o(.ARM.Collect$$$$00000008)
    .ARM.Collect$$$$0000000A                 0x080000f4   Section        0  entry8b.o(.ARM.Collect$$$$0000000A)
    .ARM.Collect$$$$0000000B                 0x080000f4   Section        8  entry9a.o(.ARM.Collect$$$$0000000B)
    __lit__00000000                          0x080000fc   Data           4  entry2.o(.ARM.Collect$$$$00002712)
    .ARM.Collect$$$$0000000D                 0x080000fc   Section        0  entry10a.o(.ARM.Collect$$$$0000000D)
    .ARM.Collect$$$$0000000F                 0x080000fc   Section        0  entry11a.o(.ARM.Collect$$$$0000000F)
    .ARM.Collect$$$$00002712                 0x080000fc   Section        4  entry2.o(.ARM.Collect$$$$00002712)
    .text                                    0x08000100   Section       36  startup_stm32f10x_md.o(.text)
    .text                                    0x08000124   Section       36  init.o(.text)
    [Anonymous Symbol]                       0x08000148   Section        0  mygpio.o(.text.MyGPIO_Init)
    [Anonymous Symbol]                       0x080001bc   Section        0  mygpio.o(.text.MyGPIO_Reset)
    [Anonymous Symbol]                       0x080001c8   Section        0  mygpio.o(.text.MyGPIO_Set)
    [Anonymous Symbol]                       0x080001d4   Section        0  mytimer.o(.text.MyTimer_Base_Init)
    [Anonymous Symbol]                       0x08000260   Section        0  mytimer.o(.text.MyTimer_DefaultHandler)
    [Anonymous Symbol]                       0x08000264   Section        0  mytimer.o(.text.MyTimer_PWM)
    SetSysClock                              0x08000301   Thumb Code     8  system_stm32f10x.o(.text.SetSysClock)
    [Anonymous Symbol]                       0x08000300   Section        0  system_stm32f10x.o(.text.SetSysClock)
    SetSysClockTo72                          0x08000309   Thumb Code   190  system_stm32f10x.o(.text.SetSysClockTo72)
    [Anonymous Symbol]                       0x08000308   Section        0  system_stm32f10x.o(.text.SetSysClockTo72)
    [Anonymous Symbol]                       0x080003c8   Section        0  system_stm32f10x.o(.text.SystemInit)
    [Anonymous Symbol]                       0x08000420   Section        0  mytimer.o(.text.TIM1_UP_IRQHandler)
    [Anonymous Symbol]                       0x08000440   Section        0  mytimer.o(.text.TIM2_IRQHandler)
    [Anonymous Symbol]                       0x08000460   Section        0  mytimer.o(.text.TIM3_IRQHandler)
    [Anonymous Symbol]                       0x08000480   Section        0  mytimer.o(.text.TIM4_IRQHandler)
    [Anonymous Symbol]                       0x080004a0   Section        0  contole_voilier.o(.text.init_moteur)
    [Anonymous Symbol]                       0x08000500   Section        0  main.o(.text.main)
    [Anonymous Symbol]                       0x0800051c   Section        0  contole_voilier.o(.text.set_motor)
    [Anonymous Symbol]                       0x0800054c   Section        0  contole_voilier.o(.text.start_moteur)
    [Anonymous Symbol]                       0x08000560   Section        0  contole_voilier.o(.text.stop_moteur)
    i.__scatterload_copy                     0x08000574   Section       14  handlers.o(i.__scatterload_copy)
    i.__scatterload_null                     0x08000582   Section        2  handlers.o(i.__scatterload_null)
    i.__scatterload_zeroinit                 0x08000584   Section       14  handlers.o(i.__scatterload_zeroinit)
    STACK                                    0x20000028   Section     1024  startup_stm32f10x_md.o(STACK)

    Global Symbols

    Symbol Name                              Value     Ov Type        Size  Object(Section)

    BuildAttributes$$THM_ISAv4$P$D$K$B$S$PE$A:L22UL41UL21$X:L11$S22US41US21$IEEE1$IW$~IW$USESV6$~STKCKD$USESV7$~SHL$OTIME$EBA8$MICROLIB$REQ8$PRES8$EABIv2 0x00000000   Number         0  anon$$obj.o ABSOLUTE
    __cpp_initialize__aeabi_                  - Undefined Weak Reference
    __cxa_finalize                            - Undefined Weak Reference
    __decompress                              - Undefined Weak Reference
    _clock_init                               - Undefined Weak Reference
    _microlib_exit                            - Undefined Weak Reference
    __Vectors_Size                           0x000000ec   Number         0  startup_stm32f10x_md.o ABSOLUTE
    __Vectors                                0x08000000   Data           4  startup_stm32f10x_md.o(RESET)
    __Vectors_End                            0x080000ec   Data           0  startup_stm32f10x_md.o(RESET)
    __main                                   0x080000ed   Thumb Code     0  entry.o(.ARM.Collect$$$$00000000)
    _main_stk                                0x080000ed   Thumb Code     0  entry2.o(.ARM.Collect$$$$00000001)
    _main_scatterload                        0x080000f1   Thumb Code     0  entry5.o(.ARM.Collect$$$$00000004)
    __main_after_scatterload                 0x080000f5   Thumb Code     0  entry5.o(.ARM.Collect$$$$00000004)
    _main_clock                              0x080000f5   Thumb Code     0  entry7b.o(.ARM.Collect$$$$00000008)
    _main_cpp_init                           0x080000f5   Thumb Code     0  entry8b.o(.ARM.Collect$$$$0000000A)
    _main_init                               0x080000f5   Thumb Code     0  entry9a.o(.ARM.Collect$$$$0000000B)
    __rt_final_cpp                           0x080000fd   Thumb Code     0  entry10a.o(.ARM.Collect$$$$0000000D)
    __rt_final_exit                          0x080000fd   Thumb Code     0  entry11a.o(.ARM.Collect$$$$0000000F)
    Reset_Handler                            0x08000101   Thumb Code     8  startup_stm32f10x_md.o(.text)
    NMI_Handler                              0x08000109   Thumb Code     2  startup_stm32f10x_md.o(.text)
    HardFault_Handler                        0x0800010b   Thumb Code     2  startup_stm32f10x_md.o(.text)
    MemManage_Handler                        0x0800010d   Thumb Code     2  startup_stm32f10x_md.o(.text)
    BusFault_Handler                         0x0800010f   Thumb Code     2  startup_stm32f10x_md.o(.text)
    UsageFault_Handler                       0x08000111   Thumb Code     2  startup_stm32f10x_md.o(.text)
    SVC_Handler                              0x08000113   Thumb Code     2  startup_stm32f10x_md.o(.text)
    DebugMon_Handler                         0x08000115   Thumb Code     2  startup_stm32f10x_md.o(.text)
    PendSV_Handler                           0x08000117   Thumb Code     2  startup_stm32f10x_md.o(.text)
    SysTick_Handler                          0x08000119   Thumb Code     2  startup_stm32f10x_md.o(.text)
    ADC1_2_IRQHandler                        0x0800011b   Thumb Code     0  startup_stm32f10x_md.o(.text)
    CAN1_RX1_IRQHandler                      0x0800011b   Thumb Code     0  startup_stm32f10x_md.o(.text)
    CAN1_SCE_IRQHandler                      0x0800011b   Thumb Code     0  startup_stm32f10x_md.o(.text)
    DMA1_Channel1_IRQHandler                 0x0800011b   Thumb Code     0  startup_stm32f10x_md.o(.text)
    DMA1_Channel2_IRQHandler                 0x0800011b   Thumb Code     0  startup_stm32f10x_md.o(.text)
    DMA1_Channel3_IRQHandler                 0x0800011b   Thumb Code     0  startup_stm32f10x_md.o(.text)
    DMA1_Channel4_IRQHandler                 0x0800011b   Thumb Code     0  startup_stm32f10x_md.o(.text)
    DMA1_Channel5_IRQHandler                 0x0800011b   Thumb Code     0  startup_stm32f10x_md.o(.text)
    DMA1_Channel6_IRQHandler                 0x0800011b   Thumb Code     0  startup_stm32f10x_md.o(.text)
    DMA1_Channel7_IRQHandler                 0x0800011b   Thumb Code     0  startup_stm32f10x_md.o(.text)
    EXTI0_IRQHandler                         0x0800011b   Thumb Code     0  startup_stm32f10x_md.o(.text)
    EXTI15_10_IRQHandler                     0x0800011b   Thumb Code     0  startup_stm32f10x_md.o(.text)
    EXTI1_IRQHandler                         0x0800011b   Thumb Code     0  startup_stm32f10x_md.o(.text)
    EXTI2_IRQHandler                         0x0800011b   Thumb Code     0  startup_stm32f10x_md.o(.text)
    EXTI3_IRQHandler                         0x0800011b   Thumb Code     0  startup_stm32f10x_md.o(.text)
    EXTI4_IRQHandler                         0x0800011b   Thumb Code     0  startup_stm32f10x_md.o(.text)
    EXTI9_5_IRQHandler                       0x0800011b   Thumb Code     0  startup_stm32f10x_md.o(.text)
    FLASH_IRQHandler                         0x0800011b   Thumb Code     0  startup_stm32f10x_md.o(.text)
    I2C1_ER_IRQHandler                       0x0800011b   Thumb Code     0  startup_stm32f10x_md.o(.text)
    I2C1_EV_IRQHandler                       0x0800011b   Thumb Code     0  startup_stm32f10x_md.o(.text)
    I2C2_ER_IRQHandler                       0x0800011b   Thumb Code     0  startup_stm32f10x_md.o(.text)
    I2C2_EV_IRQHandler                       0x0800011b   Thumb Code     0  startup_stm32f10x_md.o(.text)
    PVD_IRQHandler                           0x0800011b   Thumb Code     0  startup_stm32f10x_md.o(.text)
    RCC_IRQHandler                           0x0800011b   Thumb Code     0  startup_stm32f10x_md.o(.text)
    RTCAlarm_IRQHandler                      0x0800011b   Thumb Code     0  startup_stm32f10x_md.o(.text)
    RTC_IRQHandler                           0x0800011b   Thumb Code     0  startup_stm32f10x_md.o(.text)
    SPI1_IRQHandler                          0x0800011b   Thumb Code     0  startup_stm32f10x_md.o(.text)
    SPI2_IRQHandler                          0x0800011b   Thumb Code     0  startup_stm32f10x_md.o(.text)
    TAMPER_IRQHandler                        0x0800011b   Thumb Code     0  startup_stm32f10x_md.o(.text)
    TIM1_BRK_IRQHandler                      0x0800011b   Thumb Code     0  startup_stm32f10x_md.o(.text)
    TIM1_CC_IRQHandler                       0x0800011b   Thumb Code     0  startup_stm32f10x_md.o(.text)
    TIM1_TRG_COM_IRQHandler                  0x0800011b   Thumb Code     0  startup_stm32f10x_md.o(.text)
    USART1_IRQHandler                        0x0800011b   Thumb Code     0  startup_stm32f10x_md.o(.text)
    USART2_IRQHandler                        0x0800011b   Thumb Code     0  startup_stm32f10x_md.o(.text)
    USART3_IRQHandler                        0x0800011b   Thumb Code     0  startup_stm32f10x_md.o(.text)
    USBWakeUp_IRQHandler                     0x0800011b   Thumb Code     0  startup_stm32f10x_md.o(.text)
    USB_HP_CAN1_TX_IRQHandler                0x0800011b   Thumb Code     0  startup_stm32f10x_md.o(.text)
    USB_LP_CAN1_RX0_IRQHandler               0x0800011b   Thumb Code     0  startup_stm32f10x_md.o(.text)
    WWDG_IRQHandler                          0x0800011b   Thumb Code     0  startup_stm32f10x_md.o(.text)
    __scatterload                            0x08000125   Thumb Code    28  init.o(.text)
    __scatterload_rt2                        0x08000125   Thumb Code     0  init.o(.text)
    MyGPIO_Init                              0x08000149   Thumb Code    88  mygpio.o(.text.MyGPIO_Init)
    MyGPIO_Reset                             0x080001bd   Thumb Code    12  mygpio.o(.text.MyGPIO_Reset)
    MyGPIO_Set                               0x080001c9   Thumb Code    10  mygpio.o(.text.MyGPIO_Set)
    MyTimer_Base_Init                        0x080001d5   Thumb Code   140  mytimer.o(.text.MyTimer_Base_Init)
    MyTimer_DefaultHandler                   0x08000261   Thumb Code     2  mytimer.o(.text.MyTimer_DefaultHandler)
    MyTimer_PWM                              0x08000265   Thumb Code   156  mytimer.o(.text.MyTimer_PWM)
    SystemInit                               0x080003c9   Thumb Code    86  system_stm32f10x.o(.text.SystemInit)
    TIM1_UP_IRQHandler                       0x08000421   Thumb Code    32  mytimer.o(.text.TIM1_UP_IRQHandler)
    TIM2_IRQHandler                          0x08000441   Thumb Code    30  mytimer.o(.text.TIM2_IRQHandler)
    TIM3_IRQHandler                          0x08000461   Thumb Code    32  mytimer.o(.text.TIM3_IRQHandler)
    TIM4_IRQHandler                          0x08000481   Thumb Code    32  mytimer.o(.text.TIM4_IRQHandler)
    init_moteur                              0x080004a1   Thumb Code    94  contole_voilier.o(.text.init_moteur)
    main                                     0x08000501   Thumb Code    26  main.o(.text.main)
    set_motor                                0x0800051d   Thumb Code    48  contole_voilier.o(.text.set_motor)
    start_moteur                             0x0800054d   Thumb Code    20  contole_voilier.o(.text.start_moteur)
    stop_moteur                              0x08000561   Thumb Code    20  contole_voilier.o(.text.stop_moteur)
    __scatterload_copy                       0x08000575   Thumb Code    14  handlers.o(i.__scatterload_copy)
    __scatterload_null                       0x08000583   Thumb Code     2  handlers.o(i.__scatterload_null)
    __scatterload_zeroinit                   0x08000585   Thumb Code    14  handlers.o(i.__scatterload_zeroinit)
    Region$$Table$$Base                      0x08000594   Number         0  anon$$obj.o(Region$$Table)
    Region$$Table$$Limit                     0x080005b4   Number         0  anon$$obj.o(Region$$Table)
    MyTimer_TIM1_Handler                     0x20000000   Data           4  mytimer.o(.data.MyTimer_TIM1_Handler)
    MyTimer_TIM2_Handler                     0x20000004   Data           4  mytimer.o(.data.MyTimer_TIM2_Handler)
    MyTimer_TIM3_Handler                     0x20000008   Data           4  mytimer.o(.data.MyTimer_TIM3_Handler)
    MyTimer_TIM4_Handler                     0x2000000c   Data           4  mytimer.o(.data.MyTimer_TIM4_Handler)
    GPIO_orient_moteur                       0x20000010   Data           8  contole_voilier.o(.bss.GPIO_orient_moteur)
    GPIO_vitesse_moteur                      0x20000018   Data           8  contole_voilier.o(.bss.GPIO_vitesse_moteur)
    TIM2_CH2                                 0x20000020   Data           8  contole_voilier.o(.bss.TIM2_CH2)
    __initial_sp                             0x20000428   Data           0  startup_stm32f10x_md.o(STACK)



==============================================================================

Memory Map of the image

  Image Entry point : 0x08000101

  Load Region LR_1 (Base: 0x08000000, Size: 0x000005c4, Max: 0xffffffff, ABSOLUTE)

    Execution Region ER_RO (Exec base: 0x08000000, Load base: 0x08000000, Size: 0x000005b4, Max: 0xffffffff, ABSOLUTE)

    Exec Addr    Load Addr    Size         Type   Attr      Idx    E Section Name        Object

    0x08000000   0x08000000   0x000000ec   Data   RO           95    RESET               startup_stm32f10x_md.o
    0x080000ec   0x080000ec   0x00000000   Code   RO          120  * .ARM.Collect$$$$00000000  mc_w.l(entry.o)
    0x080000ec   0x080000ec   0x00000004   Code   RO          123    .ARM.Collect$$$$00000001  mc_w.l(entry2.o)
    0x080000f0   0x080000f0   0x00000004   Code   RO          126    .ARM.Collect$$$$00000004  mc_w.l(entry5.o)
    0x080000f4   0x080000f4   0x00000000   Code   RO          128    .ARM.Collect$$$$00000008  mc_w.l(entry7b.o)
    0x080000f4   0x080000f4   0x00000000   Code   RO          130    .ARM.Collect$$$$0000000A  mc_w.l(entry8b.o)
    0x080000f4   0x080000f4   0x00000008   Code   RO          131    .ARM.Collect$$$$0000000B  mc_w.l(entry9a.o)
    0x080000fc   0x080000fc   0x00000000   Code   RO          133    .ARM.Collect$$$$0000000D  mc_w.l(entry10a.o)
    0x080000fc   0x080000fc   0x00000000   Code   RO          135    .ARM.Collect$$$$0000000F  mc_w.l(entry11a.o)
    0x080000fc   0x080000fc   0x00000004   Code   RO          124    .ARM.Collect$$$$00002712  mc_w.l(entry2.o)
    0x08000100   0x08000100   0x00000024   Code   RO           96  * .text               startup_stm32f10x_md.o
    0x08000124   0x08000124   0x00000024   Code   RO          137    .text               mc_w.l(init.o)
    0x08000148   0x08000148   0x00000074   Code   RO           14    .text.MyGPIO_Init   mygpio.o
    0x080001bc   0x080001bc   0x0000000c   Code   RO           22    .text.MyGPIO_Reset  mygpio.o
    0x080001c8   0x080001c8   0x0000000a   Code   RO           20    .text.MyGPIO_Set    mygpio.o
    0x080001d2   0x080001d2   0x00000002   PAD
    0x080001d4   0x080001d4   0x0000008c   Code   RO           36    .text.MyTimer_Base_Init  mytimer.o
    0x08000260   0x08000260   0x00000002   Code   RO           34    .text.MyTimer_DefaultHandler  mytimer.o
    0x08000262   0x08000262   0x00000002   PAD
    0x08000264   0x08000264   0x0000009c   Code   RO           52    .text.MyTimer_PWM   mytimer.o
    0x08000300   0x08000300   0x00000008   Code   RO          105    .text.SetSysClock   system_stm32f10x.o
    0x08000308   0x08000308   0x000000be   Code   RO          109    .text.SetSysClockTo72  system_stm32f10x.o
    0x080003c6   0x080003c6   0x00000002   PAD
    0x080003c8   0x080003c8   0x00000056   Code   RO          103    .text.SystemInit    system_stm32f10x.o
    0x0800041e   0x0800041e   0x00000002   PAD
    0x08000420   0x08000420   0x00000020   Code   RO           44    .text.TIM1_UP_IRQHandler  mytimer.o
    0x08000440   0x08000440   0x0000001e   Code   RO           46    .text.TIM2_IRQHandler  mytimer.o
    0x0800045e   0x0800045e   0x00000002   PAD
    0x08000460   0x08000460   0x00000020   Code   RO           48    .text.TIM3_IRQHandler  mytimer.o
    0x08000480   0x08000480   0x00000020   Code   RO           50    .text.TIM4_IRQHandler  mytimer.o
    0x080004a0   0x080004a0   0x0000005e   Code   RO           66    .text.init_moteur   contole_voilier.o
    0x080004fe   0x080004fe   0x00000002   PAD
    0x08000500   0x08000500   0x0000001a   Code   RO           85    .text.main          main.o
    0x0800051a   0x0800051a   0x00000002   PAD
    0x0800051c   0x0800051c   0x00000030   Code   RO           68    .text.set_motor     contole_voilier.o
    0x0800054c   0x0800054c   0x00000014   Code   RO           70    .text.start_moteur  contole_voilier.o
    0x08000560   0x08000560   0x00000014   Code   RO           72    .text.stop_moteur   contole_voilier.o
    0x08000574   0x08000574   0x0000000e   Code   RO          141    i.__scatterload_copy  mc_w.l(handlers.o)
    0x08000582   0x08000582   0x00000002   Code   RO          142    i.__scatterload_null  mc_w.l(handlers.o)
    0x08000584   0x08000584   0x0000000e   Code   RO          143    i.__scatterload_zeroinit  mc_w.l(handlers.o)
    0x08000592   0x08000592   0x00000002   PAD
    0x08000594   0x08000594   0x00000020   Data   RO          140    Region$$Table       anon$$obj.o


    Execution Region ER_RW (Exec base: 0x20000000, Load base: 0x080005b4, Size: 0x00000010, Max: 0xffffffff, ABSOLUTE)

    Exec Addr    Load Addr    Size         Type   Attr      Idx    E Section Name        Object

    0x20000000   0x080005b4   0x00000004   Data   RW           54    .data.MyTimer_TIM1_Handler  mytimer.o
    0x20000004   0x080005b8   0x00000004   Data   RW           55    .data.MyTimer_TIM2_Handler  mytimer.o
    0x20000008   0x080005bc   0x00000004   Data   RW           56    .data.MyTimer_TIM3_Handler  mytimer.o
    0x2000000c   0x080005c0   0x00000004   Data   RW           57    .data.MyTimer_TIM4_Handler  mytimer.o


    Execution Region ER_ZI (Exec base: 0x20000010, Load base: 0x080005c4, Size: 0x00000418, Max: 0xffffffff, ABSOLUTE)

    Exec Addr    Load Addr    Size         Type   Attr      Idx    E Section Name        Object

    0x20000010        -       0x00000008   Zero   RW           74    .bss.GPIO_orient_moteur  contole_voilier.o
    0x20000018        -       0x00000008   Zero   RW           75    .bss.GPIO_vitesse_moteur  contole_voilier.o
    0x20000020        -       0x00000008   Zero   RW           76    .bss.TIM2_CH2       contole_voilier.o
    0x20000028        -       0x00000400   Zero   RW           93    STACK               startup_stm32f10x_md.o


==============================================================================

Image component sizes


      Code (inc. data)   RO Data    RW Data    ZI Data      Debug   Object Name

       182          0          0          0         24       2569   contole_voilier.o
        26          0          0          0          0        354   main.o
       138         28          0          0          0       2167   mygpio.o
       424          4          0         16          0       5884   mytimer.o
        36          8        236          0       1024        832   startup_stm32f10x_md.o
       284          0          0          0          0       2807   system_stm32f10x.o

    ----------------------------------------------------------------------
      1104         40        268         16       1048      14613   Object Totals
         0          0         32          0          0          0   (incl. Generated)
        14          0          0          0          0          0   (incl. Padding)

    ----------------------------------------------------------------------

      Code (inc. data)   RO Data    RW Data    ZI Data      Debug   Library Member Name

         0          0          0          0          0          0   entry.o
         0          0          0          0          0          0   entry10a.o
         0          0          0          0          0          0   entry11a.o
         8          4          0          0          0          0   entry2.o
         4          0          0          0          0          0   entry5.o
         0          0          0          0          0          0   entry7b.o
         0          0          0          0          0          0   entry8b.o
         8          4          0          0          0          0   entry9a.o
        30          0          0          0          0          0   handlers.o
        36          8          0          0          0         68   init.o

    ----------------------------------------------------------------------
        88         16          0          0          0         68   Library Totals
         2          0          0          0          0          0   (incl. Padding)

    ----------------------------------------------------------------------

      Code (inc. data)   RO Data    RW Data    ZI Data      Debug   Library Name

        86         16          0          0          0         68   mc_w.l

    ----------------------------------------------------------------------
        88         16          0          0          0         68   Library Totals

    ----------------------------------------------------------------------

==============================================================================


      Code (inc. data)   RO Data    RW Data    ZI Data      Debug   

      1192         56        268         16       1048      14769   Grand Totals
      1192         56        268         16       1048      14769   ELF Image Totals
      1192         56        268         16          0          0   ROM Totals

==============================================================================

    Total RO  Size (Code + RO Data)                 1460 (   1.43kB)
    Total RW  Size (RW Data + ZI Data)              1064 (   1.04kB)
    Total ROM Size (Code + RO Data + RW Data)       1476 (   1.44kB)

==============================================================================

