Component: ARM Compiler 6.16 Tool: armlink [5dfeaa00]

==============================================================================

Section Cross References

    myadc.o(.ARM.exidx.text.ADC_set_conversion_sequence) refers to myadc.o(.text.ADC_set_conversion_sequence) for [Anonymous Symbol]
    myadc.o(.ARM.exidx.text.ADC_set_sample_time) refers to myadc.o(.text.ADC_set_sample_time) for [Anonymous Symbol]
    mygpio.o(.ARM.exidx.text.MyGPIO_Init) refers to mygpio.o(.text.MyGPIO_Init) for [Anonymous Symbol]
    mygpio.o(.ARM.exidx.text.MyGPIO_Read) refers to mygpio.o(.text.MyGPIO_Read) for [Anonymous Symbol]
    mygpio.o(.ARM.exidx.text.MyGPIO_Write) refers to mygpio.o(.text.MyGPIO_Write) for [Anonymous Symbol]
    mygpio.o(.ARM.exidx.text.MyGPIO_Set) refers to mygpio.o(.text.MyGPIO_Set) for [Anonymous Symbol]
    mygpio.o(.ARM.exidx.text.MyGPIO_Reset) refers to mygpio.o(.text.MyGPIO_Reset) for [Anonymous Symbol]
    mygpio.o(.ARM.exidx.text.MyGPIO_Toggle) refers to mygpio.o(.text.MyGPIO_Toggle) for [Anonymous Symbol]
    mytimer.o(.ARM.exidx.text.MyTimer_DefaultHandler) refers to mytimer.o(.text.MyTimer_DefaultHandler) for [Anonymous Symbol]
    mytimer.o(.ARM.exidx.text.MyTimer_Base_Init) refers to mytimer.o(.text.MyTimer_Base_Init) for [Anonymous Symbol]
    mytimer.o(.text.MyTimer_ActiveIT) refers to mytimer.o(.data.MyTimer_TIM3_Handler) for MyTimer_TIM3_Handler
    mytimer.o(.text.MyTimer_ActiveIT) refers to mytimer.o(.data.MyTimer_TIM1_Handler) for MyTimer_TIM1_Handler
    mytimer.o(.text.MyTimer_ActiveIT) refers to mytimer.o(.data.MyTimer_TIM2_Handler) for MyTimer_TIM2_Handler
    mytimer.o(.text.MyTimer_ActiveIT) refers to mytimer.o(.data.MyTimer_TIM4_Handler) for MyTimer_TIM4_Handler
    mytimer.o(.text.MyTimer_ActiveIT) refers to mytimer.o(.text.__NVIC_EnableIRQ) for __NVIC_EnableIRQ
    mytimer.o(.text.MyTimer_ActiveIT) refers to mytimer.o(.text.__NVIC_SetPriority) for __NVIC_SetPriority
    mytimer.o(.ARM.exidx.text.MyTimer_ActiveIT) refers to mytimer.o(.text.MyTimer_ActiveIT) for [Anonymous Symbol]
    mytimer.o(.ARM.exidx.text.__NVIC_EnableIRQ) refers to mytimer.o(.text.__NVIC_EnableIRQ) for [Anonymous Symbol]
    mytimer.o(.ARM.exidx.text.__NVIC_SetPriority) refers to mytimer.o(.text.__NVIC_SetPriority) for [Anonymous Symbol]
    mytimer.o(.text.TIM1_UP_IRQHandler) refers to mytimer.o(.data.MyTimer_TIM1_Handler) for MyTimer_TIM1_Handler
    mytimer.o(.ARM.exidx.text.TIM1_UP_IRQHandler) refers to mytimer.o(.text.TIM1_UP_IRQHandler) for [Anonymous Symbol]
    mytimer.o(.text.TIM2_IRQHandler) refers to mytimer.o(.data.MyTimer_TIM2_Handler) for MyTimer_TIM2_Handler
    mytimer.o(.ARM.exidx.text.TIM2_IRQHandler) refers to mytimer.o(.text.TIM2_IRQHandler) for [Anonymous Symbol]
    mytimer.o(.text.TIM3_IRQHandler) refers to mytimer.o(.data.MyTimer_TIM3_Handler) for MyTimer_TIM3_Handler
    mytimer.o(.ARM.exidx.text.TIM3_IRQHandler) refers to mytimer.o(.text.TIM3_IRQHandler) for [Anonymous Symbol]
    mytimer.o(.text.TIM4_IRQHandler) refers to mytimer.o(.data.MyTimer_TIM4_Handler) for MyTimer_TIM4_Handler
    mytimer.o(.ARM.exidx.text.TIM4_IRQHandler) refers to mytimer.o(.text.TIM4_IRQHandler) for [Anonymous Symbol]
    mytimer.o(.ARM.exidx.text.MyTimer_PWM) refers to mytimer.o(.text.MyTimer_PWM) for [Anonymous Symbol]
    mytimer.o(.data.MyTimer_TIM1_Handler) refers to mytimer.o(.text.MyTimer_DefaultHandler) for MyTimer_DefaultHandler
    mytimer.o(.data.MyTimer_TIM2_Handler) refers to mytimer.o(.text.MyTimer_DefaultHandler) for MyTimer_DefaultHandler
    mytimer.o(.data.MyTimer_TIM3_Handler) refers to mytimer.o(.text.MyTimer_DefaultHandler) for MyTimer_DefaultHandler
    mytimer.o(.data.MyTimer_TIM4_Handler) refers to mytimer.o(.text.MyTimer_DefaultHandler) for MyTimer_DefaultHandler
    main.o(.text.main) refers to controle_servo_moteur.o(.text.init_servo_moteur) for init_servo_moteur
    main.o(.text.main) refers to controle_servo_moteur.o(.text.set_servo_motor) for set_servo_motor
    main.o(.text.main) refers to controle_servo_moteur.o(.text.start_servo_moteur) for start_servo_moteur
    main.o(.ARM.exidx.text.main) refers to main.o(.text.main) for [Anonymous Symbol]
    controle_moteur_plateau.o(.text.init_moteur) refers to controle_moteur_plateau.o(.bss.GPIO_orient_moteur) for GPIO_orient_moteur
    controle_moteur_plateau.o(.text.init_moteur) refers to controle_moteur_plateau.o(.bss.GPIO_vitesse_moteur) for GPIO_vitesse_moteur
    controle_moteur_plateau.o(.text.init_moteur) refers to controle_moteur_plateau.o(.bss.TIM2_CH2) for TIM2_CH2
    controle_moteur_plateau.o(.text.init_moteur) refers to mygpio.o(.text.MyGPIO_Init) for MyGPIO_Init
    controle_moteur_plateau.o(.text.init_moteur) refers to mytimer.o(.text.MyTimer_Base_Init) for MyTimer_Base_Init
    controle_moteur_plateau.o(.text.init_moteur) refers to mytimer.o(.text.MyTimer_PWM) for MyTimer_PWM
    controle_moteur_plateau.o(.ARM.exidx.text.init_moteur) refers to controle_moteur_plateau.o(.text.init_moteur) for [Anonymous Symbol]
    controle_moteur_plateau.o(.text.set_motor) refers to controle_moteur_plateau.o(.bss.GPIO_orient_moteur) for GPIO_orient_moteur
    controle_moteur_plateau.o(.text.set_motor) refers to mygpio.o(.text.MyGPIO_Set) for MyGPIO_Set
    controle_moteur_plateau.o(.text.set_motor) refers to mygpio.o(.text.MyGPIO_Reset) for MyGPIO_Reset
    controle_moteur_plateau.o(.text.set_motor) refers to dflti.o(.text) for __aeabi_i2d
    controle_moteur_plateau.o(.text.set_motor) refers to dmul.o(.text) for __aeabi_dmul
    controle_moteur_plateau.o(.text.set_motor) refers to dfixi.o(.text) for __aeabi_d2iz
    controle_moteur_plateau.o(.ARM.exidx.text.set_motor) refers to controle_moteur_plateau.o(.text.set_motor) for [Anonymous Symbol]
    controle_moteur_plateau.o(.text.start_moteur) refers to controle_moteur_plateau.o(.bss.TIM2_CH2) for TIM2_CH2
    controle_moteur_plateau.o(.ARM.exidx.text.start_moteur) refers to controle_moteur_plateau.o(.text.start_moteur) for [Anonymous Symbol]
    controle_moteur_plateau.o(.text.stop_moteur) refers to controle_moteur_plateau.o(.bss.TIM2_CH2) for TIM2_CH2
    controle_moteur_plateau.o(.ARM.exidx.text.stop_moteur) refers to controle_moteur_plateau.o(.text.stop_moteur) for [Anonymous Symbol]
    controle_servo_moteur.o(.text.init_servo_moteur) refers to controle_servo_moteur.o(.bss.GPIO_servo_moteur) for GPIO_servo_moteur
    controle_servo_moteur.o(.text.init_servo_moteur) refers to controle_servo_moteur.o(.bss.TIM3_CH3) for TIM3_CH3
    controle_servo_moteur.o(.text.init_servo_moteur) refers to mygpio.o(.text.MyGPIO_Init) for MyGPIO_Init
    controle_servo_moteur.o(.text.init_servo_moteur) refers to mytimer.o(.text.MyTimer_Base_Init) for MyTimer_Base_Init
    controle_servo_moteur.o(.text.init_servo_moteur) refers to mytimer.o(.text.MyTimer_PWM) for MyTimer_PWM
    controle_servo_moteur.o(.ARM.exidx.text.init_servo_moteur) refers to controle_servo_moteur.o(.text.init_servo_moteur) for [Anonymous Symbol]
    controle_servo_moteur.o(.text.set_servo_motor) refers to dflti.o(.text) for __aeabi_i2d
    controle_servo_moteur.o(.text.set_servo_motor) refers to dmul.o(.text) for __aeabi_dmul
    controle_servo_moteur.o(.text.set_servo_motor) refers to dfixi.o(.text) for __aeabi_d2iz
    controle_servo_moteur.o(.ARM.exidx.text.set_servo_motor) refers to controle_servo_moteur.o(.text.set_servo_motor) for [Anonymous Symbol]
    controle_servo_moteur.o(.text.start_servo_moteur) refers to controle_servo_moteur.o(.bss.TIM3_CH3) for TIM3_CH3
    controle_servo_moteur.o(.ARM.exidx.text.start_servo_moteur) refers to controle_servo_moteur.o(.text.start_servo_moteur) for [Anonymous Symbol]
    controle_servo_moteur.o(.text.stop_servo_moteur) refers to controle_servo_moteur.o(.bss.TIM3_CH3) for TIM3_CH3
    controle_servo_moteur.o(.ARM.exidx.text.stop_servo_moteur) refers to controle_servo_moteur.o(.text.stop_servo_moteur) for [Anonymous Symbol]
    startup_stm32f10x_md.o(RESET) refers to startup_stm32f10x_md.o(STACK) for __initial_sp
    startup_stm32f10x_md.o(RESET) refers to startup_stm32f10x_md.o(.text) for Reset_Handler
    startup_stm32f10x_md.o(RESET) refers to mytimer.o(.text.TIM1_UP_IRQHandler) for TIM1_UP_IRQHandler
    startup_stm32f10x_md.o(RESET) refers to mytimer.o(.text.TIM2_IRQHandler) for TIM2_IRQHandler
    startup_stm32f10x_md.o(RESET) refers to mytimer.o(.text.TIM3_IRQHandler) for TIM3_IRQHandler
    startup_stm32f10x_md.o(RESET) refers to mytimer.o(.text.TIM4_IRQHandler) for TIM4_IRQHandler
    startup_stm32f10x_md.o(.text) refers to system_stm32f10x.o(.text.SystemInit) for SystemInit
    startup_stm32f10x_md.o(.text) refers to entry.o(.ARM.Collect$$$$00000000) for __main
    system_stm32f10x.o(.text.SystemInit) refers to system_stm32f10x.o(.text.SetSysClock) for SetSysClock
    system_stm32f10x.o(.ARM.exidx.text.SystemInit) refers to system_stm32f10x.o(.text.SystemInit) for [Anonymous Symbol]
    system_stm32f10x.o(.text.SetSysClock) refers to system_stm32f10x.o(.text.SetSysClockTo72) for SetSysClockTo72
    system_stm32f10x.o(.ARM.exidx.text.SetSysClock) refers to system_stm32f10x.o(.text.SetSysClock) for [Anonymous Symbol]
    system_stm32f10x.o(.text.SystemCoreClockUpdate) refers to system_stm32f10x.o(.data.SystemCoreClock) for SystemCoreClock
    system_stm32f10x.o(.text.SystemCoreClockUpdate) refers to system_stm32f10x.o(.rodata.AHBPrescTable) for AHBPrescTable
    system_stm32f10x.o(.ARM.exidx.text.SystemCoreClockUpdate) refers to system_stm32f10x.o(.text.SystemCoreClockUpdate) for [Anonymous Symbol]
    system_stm32f10x.o(.ARM.exidx.text.SetSysClockTo72) refers to system_stm32f10x.o(.text.SetSysClockTo72) for [Anonymous Symbol]
    entry.o(.ARM.Collect$$$$00000000) refers (Special) to entry10a.o(.ARM.Collect$$$$0000000D) for __rt_final_cpp
    entry.o(.ARM.Collect$$$$00000000) refers (Special) to entry11a.o(.ARM.Collect$$$$0000000F) for __rt_final_exit
    entry.o(.ARM.Collect$$$$00000000) refers (Special) to entry7b.o(.ARM.Collect$$$$00000008) for _main_clock
    entry.o(.ARM.Collect$$$$00000000) refers (Special) to entry8b.o(.ARM.Collect$$$$0000000A) for _main_cpp_init
    entry.o(.ARM.Collect$$$$00000000) refers (Special) to entry9a.o(.ARM.Collect$$$$0000000B) for _main_init
    entry.o(.ARM.Collect$$$$00000000) refers (Special) to entry5.o(.ARM.Collect$$$$00000004) for _main_scatterload
    entry.o(.ARM.Collect$$$$00000000) refers (Special) to entry2.o(.ARM.Collect$$$$00000001) for _main_stk
    dmul.o(.text) refers (Special) to iusefp.o(.text) for __I$use$fp
    dmul.o(.text) refers to depilogue.o(.text) for _double_epilogue
    dflti.o(.text) refers (Special) to iusefp.o(.text) for __I$use$fp
    dflti.o(.text) refers to depilogue.o(.text) for _double_epilogue
    dfixi.o(.text) refers (Special) to iusefp.o(.text) for __I$use$fp
    dfixi.o(.text) refers to llushr.o(.text) for __aeabi_llsr
    entry2.o(.ARM.Collect$$$$00000001) refers to entry2.o(.ARM.Collect$$$$00002712) for __lit__00000000
    entry2.o(.ARM.Collect$$$$00002712) refers to startup_stm32f10x_md.o(STACK) for __initial_sp
    entry2.o(__vectab_stack_and_reset_area) refers to startup_stm32f10x_md.o(STACK) for __initial_sp
    entry2.o(__vectab_stack_and_reset_area) refers to entry.o(.ARM.Collect$$$$00000000) for __main
    entry5.o(.ARM.Collect$$$$00000004) refers to init.o(.text) for __scatterload
    entry9a.o(.ARM.Collect$$$$0000000B) refers to main.o(.text.main) for main
    entry9b.o(.ARM.Collect$$$$0000000C) refers to main.o(.text.main) for main
    depilogue.o(.text) refers (Special) to iusefp.o(.text) for __I$use$fp
    depilogue.o(.text) refers to llshl.o(.text) for __aeabi_llsl
    depilogue.o(.text) refers to llushr.o(.text) for __aeabi_llsr
    init.o(.text) refers to entry5.o(.ARM.Collect$$$$00000004) for __main_after_scatterload


==============================================================================

Removing Unused input sections from the image.

    Removing myadc.o(.text), (0 bytes).
    Removing myadc.o(.text.ADC_set_conversion_sequence), (52 bytes).
    Removing myadc.o(.ARM.exidx.text.ADC_set_conversion_sequence), (8 bytes).
    Removing myadc.o(.text.ADC_set_sample_time), (46 bytes).
    Removing myadc.o(.ARM.exidx.text.ADC_set_sample_time), (8 bytes).
    Removing mygpio.o(.text), (0 bytes).
    Removing mygpio.o(.ARM.exidx.text.MyGPIO_Init), (8 bytes).
    Removing mygpio.o(.text.MyGPIO_Read), (10 bytes).
    Removing mygpio.o(.ARM.exidx.text.MyGPIO_Read), (8 bytes).
    Removing mygpio.o(.text.MyGPIO_Write), (12 bytes).
    Removing mygpio.o(.ARM.exidx.text.MyGPIO_Write), (8 bytes).
    Removing mygpio.o(.text.MyGPIO_Set), (10 bytes).
    Removing mygpio.o(.ARM.exidx.text.MyGPIO_Set), (8 bytes).
    Removing mygpio.o(.text.MyGPIO_Reset), (12 bytes).
    Removing mygpio.o(.ARM.exidx.text.MyGPIO_Reset), (8 bytes).
    Removing mygpio.o(.text.MyGPIO_Toggle), (14 bytes).
    Removing mygpio.o(.ARM.exidx.text.MyGPIO_Toggle), (8 bytes).
    Removing mytimer.o(.text), (0 bytes).
    Removing mytimer.o(.ARM.exidx.text.MyTimer_DefaultHandler), (8 bytes).
    Removing mytimer.o(.ARM.exidx.text.MyTimer_Base_Init), (8 bytes).
    Removing mytimer.o(.text.MyTimer_ActiveIT), (136 bytes).
    Removing mytimer.o(.ARM.exidx.text.MyTimer_ActiveIT), (8 bytes).
    Removing mytimer.o(.text.__NVIC_EnableIRQ), (22 bytes).
    Removing mytimer.o(.ARM.exidx.text.__NVIC_EnableIRQ), (8 bytes).
    Removing mytimer.o(.text.__NVIC_SetPriority), (16 bytes).
    Removing mytimer.o(.ARM.exidx.text.__NVIC_SetPriority), (8 bytes).
    Removing mytimer.o(.ARM.exidx.text.TIM1_UP_IRQHandler), (8 bytes).
    Removing mytimer.o(.ARM.exidx.text.TIM2_IRQHandler), (8 bytes).
    Removing mytimer.o(.ARM.exidx.text.TIM3_IRQHandler), (8 bytes).
    Removing mytimer.o(.ARM.exidx.text.TIM4_IRQHandler), (8 bytes).
    Removing mytimer.o(.ARM.exidx.text.MyTimer_PWM), (8 bytes).
    Removing main.o(.text), (0 bytes).
    Removing main.o(.ARM.exidx.text.main), (8 bytes).
    Removing main.o(.ARM.use_no_argv), (4 bytes).
    Removing controle_moteur_plateau.o(.text), (0 bytes).
    Removing controle_moteur_plateau.o(.text.init_moteur), (94 bytes).
    Removing controle_moteur_plateau.o(.ARM.exidx.text.init_moteur), (8 bytes).
    Removing controle_moteur_plateau.o(.text.set_motor), (74 bytes).
    Removing controle_moteur_plateau.o(.ARM.exidx.text.set_motor), (8 bytes).
    Removing controle_moteur_plateau.o(.text.start_moteur), (20 bytes).
    Removing controle_moteur_plateau.o(.ARM.exidx.text.start_moteur), (8 bytes).
    Removing controle_moteur_plateau.o(.text.stop_moteur), (20 bytes).
    Removing controle_moteur_plateau.o(.ARM.exidx.text.stop_moteur), (8 bytes).
    Removing controle_moteur_plateau.o(.bss.GPIO_orient_moteur), (8 bytes).
    Removing controle_moteur_plateau.o(.bss.GPIO_vitesse_moteur), (8 bytes).
    Removing controle_moteur_plateau.o(.bss.TIM2_CH2), (8 bytes).
    Removing controle_servo_moteur.o(.text), (0 bytes).
    Removing controle_servo_moteur.o(.ARM.exidx.text.init_servo_moteur), (8 bytes).
    Removing controle_servo_moteur.o(.ARM.exidx.text.set_servo_motor), (8 bytes).
    Removing controle_servo_moteur.o(.ARM.exidx.text.start_servo_moteur), (8 bytes).
    Removing controle_servo_moteur.o(.text.stop_servo_moteur), (20 bytes).
    Removing controle_servo_moteur.o(.ARM.exidx.text.stop_servo_moteur), (8 bytes).
    Removing startup_stm32f10x_md.o(HEAP), (512 bytes).
    Removing system_stm32f10x.o(.text), (0 bytes).
    Removing system_stm32f10x.o(.ARM.exidx.text.SystemInit), (8 bytes).
    Removing system_stm32f10x.o(.ARM.exidx.text.SetSysClock), (8 bytes).
    Removing system_stm32f10x.o(.text.SystemCoreClockUpdate), (110 bytes).
    Removing system_stm32f10x.o(.ARM.exidx.text.SystemCoreClockUpdate), (8 bytes).
    Removing system_stm32f10x.o(.ARM.exidx.text.SetSysClockTo72), (8 bytes).
    Removing system_stm32f10x.o(.data.SystemCoreClock), (4 bytes).
    Removing system_stm32f10x.o(.rodata.AHBPrescTable), (16 bytes).

61 unused section(s) (total 1476 bytes) removed from the image.

==============================================================================

Image Symbol Table

    Local Symbols

    Symbol Name                              Value     Ov Type        Size  Object(Section)

    ../clib/microlib/init/entry.s            0x00000000   Number         0  entry.o ABSOLUTE
    ../clib/microlib/init/entry.s            0x00000000   Number         0  entry2.o ABSOLUTE
    ../clib/microlib/init/entry.s            0x00000000   Number         0  entry5.o ABSOLUTE
    ../clib/microlib/init/entry.s            0x00000000   Number         0  entry7a.o ABSOLUTE
    ../clib/microlib/init/entry.s            0x00000000   Number         0  entry7b.o ABSOLUTE
    ../clib/microlib/init/entry.s            0x00000000   Number         0  entry8a.o ABSOLUTE
    ../clib/microlib/init/entry.s            0x00000000   Number         0  entry8b.o ABSOLUTE
    ../clib/microlib/init/entry.s            0x00000000   Number         0  entry9a.o ABSOLUTE
    ../clib/microlib/init/entry.s            0x00000000   Number         0  entry9b.o ABSOLUTE
    ../clib/microlib/init/entry.s            0x00000000   Number         0  entry10a.o ABSOLUTE
    ../clib/microlib/init/entry.s            0x00000000   Number         0  entry10b.o ABSOLUTE
    ../clib/microlib/init/entry.s            0x00000000   Number         0  entry11a.o ABSOLUTE
    ../clib/microlib/init/entry.s            0x00000000   Number         0  entry11b.o ABSOLUTE
    ../clib/microlib/longlong.c              0x00000000   Number         0  llushr.o ABSOLUTE
    ../clib/microlib/longlong.c              0x00000000   Number         0  llshl.o ABSOLUTE
    ../clib/microlib/stubs.s                 0x00000000   Number         0  iusefp.o ABSOLUTE
    ../fplib/microlib/fpepilogue.c           0x00000000   Number         0  depilogue.o ABSOLUTE
    ../fplib/microlib/fpfix.c                0x00000000   Number         0  dfixi.o ABSOLUTE
    ../fplib/microlib/fpflt.c                0x00000000   Number         0  dflti.o ABSOLUTE
    ../fplib/microlib/fpmul.c                0x00000000   Number         0  dmul.o ABSOLUTE
    MyADC.c                                  0x00000000   Number         0  myadc.o ABSOLUTE
    MyGPIO.c                                 0x00000000   Number         0  mygpio.o ABSOLUTE
    MyTimer.c                                0x00000000   Number         0  mytimer.o ABSOLUTE
    RTE/Device/STM32F103RB/startup_stm32f10x_md.s 0x00000000   Number         0  startup_stm32f10x_md.o ABSOLUTE
    controle_moteur_plateau.c                0x00000000   Number         0  controle_moteur_plateau.o ABSOLUTE
    controle_servo_moteur.c                  0x00000000   Number         0  controle_servo_moteur.o ABSOLUTE
    dc.s                                     0x00000000   Number         0  dc.o ABSOLUTE
    handlers.s                               0x00000000   Number         0  handlers.o ABSOLUTE
    init.s                                   0x00000000   Number         0  init.o ABSOLUTE
    main.c                                   0x00000000   Number         0  main.o ABSOLUTE
    system_stm32f10x.c                       0x00000000   Number         0  system_stm32f10x.o ABSOLUTE
    RESET                                    0x08000000   Section      236  startup_stm32f10x_md.o(RESET)
    .ARM.Collect$$$$00000000                 0x080000ec   Section        0  entry.o(.ARM.Collect$$$$00000000)
    .ARM.Collect$$$$00000001                 0x080000ec   Section        4  entry2.o(.ARM.Collect$$$$00000001)
    .ARM.Collect$$$$00000004                 0x080000f0   Section        4  entry5.o(.ARM.Collect$$$$00000004)
    .ARM.Collect$$$$00000008                 0x080000f4   Section        0  entry7b.o(.ARM.Collect$$$$00000008)
    .ARM.Collect$$$$0000000A                 0x080000f4   Section        0  entry8b.o(.ARM.Collect$$$$0000000A)
    .ARM.Collect$$$$0000000B                 0x080000f4   Section        8  entry9a.o(.ARM.Collect$$$$0000000B)
    __lit__00000000                          0x080000fc   Data           4  entry2.o(.ARM.Collect$$$$00002712)
    .ARM.Collect$$$$0000000D                 0x080000fc   Section        0  entry10a.o(.ARM.Collect$$$$0000000D)
    .ARM.Collect$$$$0000000F                 0x080000fc   Section        0  entry11a.o(.ARM.Collect$$$$0000000F)
    .ARM.Collect$$$$00002712                 0x080000fc   Section        4  entry2.o(.ARM.Collect$$$$00002712)
    .text                                    0x08000100   Section       36  startup_stm32f10x_md.o(.text)
    .text                                    0x08000124   Section        0  dmul.o(.text)
    .text                                    0x08000208   Section        0  dflti.o(.text)
    .text                                    0x0800022a   Section        0  dfixi.o(.text)
    .text                                    0x08000268   Section        0  llushr.o(.text)
    .text                                    0x08000288   Section        0  iusefp.o(.text)
    .text                                    0x08000288   Section        0  depilogue.o(.text)
    .text                                    0x08000344   Section       36  init.o(.text)
    .text                                    0x08000368   Section        0  llshl.o(.text)
    [Anonymous Symbol]                       0x08000388   Section        0  mygpio.o(.text.MyGPIO_Init)
    [Anonymous Symbol]                       0x080003fc   Section        0  mytimer.o(.text.MyTimer_Base_Init)
    [Anonymous Symbol]                       0x08000488   Section        0  mytimer.o(.text.MyTimer_DefaultHandler)
    [Anonymous Symbol]                       0x0800048c   Section        0  mytimer.o(.text.MyTimer_PWM)
    SetSysClock                              0x08000529   Thumb Code     8  system_stm32f10x.o(.text.SetSysClock)
    [Anonymous Symbol]                       0x08000528   Section        0  system_stm32f10x.o(.text.SetSysClock)
    SetSysClockTo72                          0x08000531   Thumb Code   190  system_stm32f10x.o(.text.SetSysClockTo72)
    [Anonymous Symbol]                       0x08000530   Section        0  system_stm32f10x.o(.text.SetSysClockTo72)
    [Anonymous Symbol]                       0x080005f0   Section        0  system_stm32f10x.o(.text.SystemInit)
    [Anonymous Symbol]                       0x08000648   Section        0  mytimer.o(.text.TIM1_UP_IRQHandler)
    [Anonymous Symbol]                       0x08000668   Section        0  mytimer.o(.text.TIM2_IRQHandler)
    [Anonymous Symbol]                       0x08000688   Section        0  mytimer.o(.text.TIM3_IRQHandler)
    [Anonymous Symbol]                       0x080006a8   Section        0  mytimer.o(.text.TIM4_IRQHandler)
    [Anonymous Symbol]                       0x080006c8   Section        0  controle_servo_moteur.o(.text.init_servo_moteur)
    [Anonymous Symbol]                       0x08000710   Section        0  main.o(.text.main)
    [Anonymous Symbol]                       0x08000724   Section        0  controle_servo_moteur.o(.text.set_servo_motor)
    [Anonymous Symbol]                       0x08000764   Section        0  controle_servo_moteur.o(.text.start_servo_moteur)
    i.__scatterload_copy                     0x08000778   Section       14  handlers.o(i.__scatterload_copy)
    i.__scatterload_null                     0x08000786   Section        2  handlers.o(i.__scatterload_null)
    i.__scatterload_zeroinit                 0x08000788   Section       14  handlers.o(i.__scatterload_zeroinit)
    STACK                                    0x20000020   Section     1024  startup_stm32f10x_md.o(STACK)

    Global Symbols

    Symbol Name                              Value     Ov Type        Size  Object(Section)

    BuildAttributes$$THM_ISAv4$P$D$K$B$S$PE$A:L22UL41UL21$X:L11$S22US41US21$IEEE1$IW$~IW$USESV6$~STKCKD$USESV7$~SHL$OTIME$ROPI$EBA8$MICROLIB$REQ8$PRES8$EABIv2 0x00000000   Number         0  anon$$obj.o ABSOLUTE
    __cpp_initialize__aeabi_                  - Undefined Weak Reference
    __cxa_finalize                            - Undefined Weak Reference
    __decompress                              - Undefined Weak Reference
    _clock_init                               - Undefined Weak Reference
    _microlib_exit                            - Undefined Weak Reference
    __Vectors_Size                           0x000000ec   Number         0  startup_stm32f10x_md.o ABSOLUTE
    __Vectors                                0x08000000   Data           4  startup_stm32f10x_md.o(RESET)
    __Vectors_End                            0x080000ec   Data           0  startup_stm32f10x_md.o(RESET)
    __main                                   0x080000ed   Thumb Code     0  entry.o(.ARM.Collect$$$$00000000)
    _main_stk                                0x080000ed   Thumb Code     0  entry2.o(.ARM.Collect$$$$00000001)
    _main_scatterload                        0x080000f1   Thumb Code     0  entry5.o(.ARM.Collect$$$$00000004)
    __main_after_scatterload                 0x080000f5   Thumb Code     0  entry5.o(.ARM.Collect$$$$00000004)
    _main_clock                              0x080000f5   Thumb Code     0  entry7b.o(.ARM.Collect$$$$00000008)
    _main_cpp_init                           0x080000f5   Thumb Code     0  entry8b.o(.ARM.Collect$$$$0000000A)
    _main_init                               0x080000f5   Thumb Code     0  entry9a.o(.ARM.Collect$$$$0000000B)
    __rt_final_cpp                           0x080000fd   Thumb Code     0  entry10a.o(.ARM.Collect$$$$0000000D)
    __rt_final_exit                          0x080000fd   Thumb Code     0  entry11a.o(.ARM.Collect$$$$0000000F)
    Reset_Handler                            0x08000101   Thumb Code     8  startup_stm32f10x_md.o(.text)
    NMI_Handler                              0x08000109   Thumb Code     2  startup_stm32f10x_md.o(.text)
    HardFault_Handler                        0x0800010b   Thumb Code     2  startup_stm32f10x_md.o(.text)
    MemManage_Handler                        0x0800010d   Thumb Code     2  startup_stm32f10x_md.o(.text)
    BusFault_Handler                         0x0800010f   Thumb Code     2  startup_stm32f10x_md.o(.text)
    UsageFault_Handler                       0x08000111   Thumb Code     2  startup_stm32f10x_md.o(.text)
    SVC_Handler                              0x08000113   Thumb Code     2  startup_stm32f10x_md.o(.text)
    DebugMon_Handler                         0x08000115   Thumb Code     2  startup_stm32f10x_md.o(.text)
    PendSV_Handler                           0x08000117   Thumb Code     2  startup_stm32f10x_md.o(.text)
    SysTick_Handler                          0x08000119   Thumb Code     2  startup_stm32f10x_md.o(.text)
    ADC1_2_IRQHandler                        0x0800011b   Thumb Code     0  startup_stm32f10x_md.o(.text)
    CAN1_RX1_IRQHandler                      0x0800011b   Thumb Code     0  startup_stm32f10x_md.o(.text)
    CAN1_SCE_IRQHandler                      0x0800011b   Thumb Code     0  startup_stm32f10x_md.o(.text)
    DMA1_Channel1_IRQHandler                 0x0800011b   Thumb Code     0  startup_stm32f10x_md.o(.text)
    DMA1_Channel2_IRQHandler                 0x0800011b   Thumb Code     0  startup_stm32f10x_md.o(.text)
    DMA1_Channel3_IRQHandler                 0x0800011b   Thumb Code     0  startup_stm32f10x_md.o(.text)
    DMA1_Channel4_IRQHandler                 0x0800011b   Thumb Code     0  startup_stm32f10x_md.o(.text)
    DMA1_Channel5_IRQHandler                 0x0800011b   Thumb Code     0  startup_stm32f10x_md.o(.text)
    DMA1_Channel6_IRQHandler                 0x0800011b   Thumb Code     0  startup_stm32f10x_md.o(.text)
    DMA1_Channel7_IRQHandler                 0x0800011b   Thumb Code     0  startup_stm32f10x_md.o(.text)
    EXTI0_IRQHandler                         0x0800011b   Thumb Code     0  startup_stm32f10x_md.o(.text)
    EXTI15_10_IRQHandler                     0x0800011b   Thumb Code     0  startup_stm32f10x_md.o(.text)
    EXTI1_IRQHandler                         0x0800011b   Thumb Code     0  startup_stm32f10x_md.o(.text)
    EXTI2_IRQHandler                         0x0800011b   Thumb Code     0  startup_stm32f10x_md.o(.text)
    EXTI3_IRQHandler                         0x0800011b   Thumb Code     0  startup_stm32f10x_md.o(.text)
    EXTI4_IRQHandler                         0x0800011b   Thumb Code     0  startup_stm32f10x_md.o(.text)
    EXTI9_5_IRQHandler                       0x0800011b   Thumb Code     0  startup_stm32f10x_md.o(.text)
    FLASH_IRQHandler                         0x0800011b   Thumb Code     0  startup_stm32f10x_md.o(.text)
    I2C1_ER_IRQHandler                       0x0800011b   Thumb Code     0  startup_stm32f10x_md.o(.text)
    I2C1_EV_IRQHandler                       0x0800011b   Thumb Code     0  startup_stm32f10x_md.o(.text)
    I2C2_ER_IRQHandler                       0x0800011b   Thumb Code     0  startup_stm32f10x_md.o(.text)
    I2C2_EV_IRQHandler                       0x0800011b   Thumb Code     0  startup_stm32f10x_md.o(.text)
    PVD_IRQHandler                           0x0800011b   Thumb Code     0  startup_stm32f10x_md.o(.text)
    RCC_IRQHandler                           0x0800011b   Thumb Code     0  startup_stm32f10x_md.o(.text)
    RTCAlarm_IRQHandler                      0x0800011b   Thumb Code     0  startup_stm32f10x_md.o(.text)
    RTC_IRQHandler                           0x0800011b   Thumb Code     0  startup_stm32f10x_md.o(.text)
    SPI1_IRQHandler                          0x0800011b   Thumb Code     0  startup_stm32f10x_md.o(.text)
    SPI2_IRQHandler                          0x0800011b   Thumb Code     0  startup_stm32f10x_md.o(.text)
    TAMPER_IRQHandler                        0x0800011b   Thumb Code     0  startup_stm32f10x_md.o(.text)
    TIM1_BRK_IRQHandler                      0x0800011b   Thumb Code     0  startup_stm32f10x_md.o(.text)
    TIM1_CC_IRQHandler                       0x0800011b   Thumb Code     0  startup_stm32f10x_md.o(.text)
    TIM1_TRG_COM_IRQHandler                  0x0800011b   Thumb Code     0  startup_stm32f10x_md.o(.text)
    USART1_IRQHandler                        0x0800011b   Thumb Code     0  startup_stm32f10x_md.o(.text)
    USART2_IRQHandler                        0x0800011b   Thumb Code     0  startup_stm32f10x_md.o(.text)
    USART3_IRQHandler                        0x0800011b   Thumb Code     0  startup_stm32f10x_md.o(.text)
    USBWakeUp_IRQHandler                     0x0800011b   Thumb Code     0  startup_stm32f10x_md.o(.text)
    USB_HP_CAN1_TX_IRQHandler                0x0800011b   Thumb Code     0  startup_stm32f10x_md.o(.text)
    USB_LP_CAN1_RX0_IRQHandler               0x0800011b   Thumb Code     0  startup_stm32f10x_md.o(.text)
    WWDG_IRQHandler                          0x0800011b   Thumb Code     0  startup_stm32f10x_md.o(.text)
    __aeabi_dmul                             0x08000125   Thumb Code   228  dmul.o(.text)
    __aeabi_i2d                              0x08000209   Thumb Code    34  dflti.o(.text)
    __aeabi_d2iz                             0x0800022b   Thumb Code    62  dfixi.o(.text)
    __aeabi_llsr                             0x08000269   Thumb Code    32  llushr.o(.text)
    _ll_ushift_r                             0x08000269   Thumb Code     0  llushr.o(.text)
    __I$use$fp                               0x08000289   Thumb Code     0  iusefp.o(.text)
    _double_round                            0x08000289   Thumb Code    30  depilogue.o(.text)
    _double_epilogue                         0x080002a7   Thumb Code   156  depilogue.o(.text)
    __scatterload                            0x08000345   Thumb Code    28  init.o(.text)
    __scatterload_rt2                        0x08000345   Thumb Code     0  init.o(.text)
    __aeabi_llsl                             0x08000369   Thumb Code    30  llshl.o(.text)
    _ll_shift_l                              0x08000369   Thumb Code     0  llshl.o(.text)
    MyGPIO_Init                              0x08000389   Thumb Code    88  mygpio.o(.text.MyGPIO_Init)
    MyTimer_Base_Init                        0x080003fd   Thumb Code   140  mytimer.o(.text.MyTimer_Base_Init)
    MyTimer_DefaultHandler                   0x08000489   Thumb Code     2  mytimer.o(.text.MyTimer_DefaultHandler)
    MyTimer_PWM                              0x0800048d   Thumb Code   156  mytimer.o(.text.MyTimer_PWM)
    SystemInit                               0x080005f1   Thumb Code    86  system_stm32f10x.o(.text.SystemInit)
    TIM1_UP_IRQHandler                       0x08000649   Thumb Code    32  mytimer.o(.text.TIM1_UP_IRQHandler)
    TIM2_IRQHandler                          0x08000669   Thumb Code    30  mytimer.o(.text.TIM2_IRQHandler)
    TIM3_IRQHandler                          0x08000689   Thumb Code    32  mytimer.o(.text.TIM3_IRQHandler)
    TIM4_IRQHandler                          0x080006a9   Thumb Code    32  mytimer.o(.text.TIM4_IRQHandler)
    init_servo_moteur                        0x080006c9   Thumb Code    70  controle_servo_moteur.o(.text.init_servo_moteur)
    main                                     0x08000711   Thumb Code    18  main.o(.text.main)
    set_servo_motor                          0x08000725   Thumb Code    62  controle_servo_moteur.o(.text.set_servo_motor)
    start_servo_moteur                       0x08000765   Thumb Code    20  controle_servo_moteur.o(.text.start_servo_moteur)
    __scatterload_copy                       0x08000779   Thumb Code    14  handlers.o(i.__scatterload_copy)
    __scatterload_null                       0x08000787   Thumb Code     2  handlers.o(i.__scatterload_null)
    __scatterload_zeroinit                   0x08000789   Thumb Code    14  handlers.o(i.__scatterload_zeroinit)
    Region$$Table$$Base                      0x08000798   Number         0  anon$$obj.o(Region$$Table)
    Region$$Table$$Limit                     0x080007b8   Number         0  anon$$obj.o(Region$$Table)
    MyTimer_TIM1_Handler                     0x20000000   Data           4  mytimer.o(.data.MyTimer_TIM1_Handler)
    MyTimer_TIM2_Handler                     0x20000004   Data           4  mytimer.o(.data.MyTimer_TIM2_Handler)
    MyTimer_TIM3_Handler                     0x20000008   Data           4  mytimer.o(.data.MyTimer_TIM3_Handler)
    MyTimer_TIM4_Handler                     0x2000000c   Data           4  mytimer.o(.data.MyTimer_TIM4_Handler)
    GPIO_servo_moteur                        0x20000010   Data           8  controle_servo_moteur.o(.bss.GPIO_servo_moteur)
    TIM3_CH3                                 0x20000018   Data           8  controle_servo_moteur.o(.bss.TIM3_CH3)
    __initial_sp                             0x20000420   Data           0  startup_stm32f10x_md.o(STACK)



==============================================================================

Memory Map of the image

  Image Entry point : 0x08000101

  Load Region LR_1 (Base: 0x08000000, Size: 0x000007c8, Max: 0xffffffff, ABSOLUTE)

    Execution Region ER_RO (Exec base: 0x08000000, Load base: 0x08000000, Size: 0x000007b8, Max: 0xffffffff, ABSOLUTE)

    Exec Addr    Load Addr    Size         Type   Attr      Idx    E Section Name        Object

    0x08000000   0x08000000   0x000000ec   Data   RO          113    RESET               startup_stm32f10x_md.o
    0x080000ec   0x080000ec   0x00000000   Code   RO          138  * .ARM.Collect$$$$00000000  mc_w.l(entry.o)
    0x080000ec   0x080000ec   0x00000004   Code   RO          147    .ARM.Collect$$$$00000001  mc_w.l(entry2.o)
    0x080000f0   0x080000f0   0x00000004   Code   RO          150    .ARM.Collect$$$$00000004  mc_w.l(entry5.o)
    0x080000f4   0x080000f4   0x00000000   Code   RO          152    .ARM.Collect$$$$00000008  mc_w.l(entry7b.o)
    0x080000f4   0x080000f4   0x00000000   Code   RO          154    .ARM.Collect$$$$0000000A  mc_w.l(entry8b.o)
    0x080000f4   0x080000f4   0x00000008   Code   RO          155    .ARM.Collect$$$$0000000B  mc_w.l(entry9a.o)
    0x080000fc   0x080000fc   0x00000000   Code   RO          157    .ARM.Collect$$$$0000000D  mc_w.l(entry10a.o)
    0x080000fc   0x080000fc   0x00000000   Code   RO          159    .ARM.Collect$$$$0000000F  mc_w.l(entry11a.o)
    0x080000fc   0x080000fc   0x00000004   Code   RO          148    .ARM.Collect$$$$00002712  mc_w.l(entry2.o)
    0x08000100   0x08000100   0x00000024   Code   RO          114  * .text               startup_stm32f10x_md.o
    0x08000124   0x08000124   0x000000e4   Code   RO          141    .text               mf_w.l(dmul.o)
    0x08000208   0x08000208   0x00000022   Code   RO          143    .text               mf_w.l(dflti.o)
    0x0800022a   0x0800022a   0x0000003e   Code   RO          145    .text               mf_w.l(dfixi.o)
    0x08000268   0x08000268   0x00000020   Code   RO          161    .text               mc_w.l(llushr.o)
    0x08000288   0x08000288   0x00000000   Code   RO          163    .text               mc_w.l(iusefp.o)
    0x08000288   0x08000288   0x000000ba   Code   RO          164    .text               mf_w.l(depilogue.o)
    0x08000342   0x08000342   0x00000002   PAD
    0x08000344   0x08000344   0x00000024   Code   RO          166    .text               mc_w.l(init.o)
    0x08000368   0x08000368   0x0000001e   Code   RO          168    .text               mc_w.l(llshl.o)
    0x08000386   0x08000386   0x00000002   PAD
    0x08000388   0x08000388   0x00000074   Code   RO           14    .text.MyGPIO_Init   mygpio.o
    0x080003fc   0x080003fc   0x0000008c   Code   RO           36    .text.MyTimer_Base_Init  mytimer.o
    0x08000488   0x08000488   0x00000002   Code   RO           34    .text.MyTimer_DefaultHandler  mytimer.o
    0x0800048a   0x0800048a   0x00000002   PAD
    0x0800048c   0x0800048c   0x0000009c   Code   RO           52    .text.MyTimer_PWM   mytimer.o
    0x08000528   0x08000528   0x00000008   Code   RO          123    .text.SetSysClock   system_stm32f10x.o
    0x08000530   0x08000530   0x000000be   Code   RO          127    .text.SetSysClockTo72  system_stm32f10x.o
    0x080005ee   0x080005ee   0x00000002   PAD
    0x080005f0   0x080005f0   0x00000056   Code   RO          121    .text.SystemInit    system_stm32f10x.o
    0x08000646   0x08000646   0x00000002   PAD
    0x08000648   0x08000648   0x00000020   Code   RO           44    .text.TIM1_UP_IRQHandler  mytimer.o
    0x08000668   0x08000668   0x0000001e   Code   RO           46    .text.TIM2_IRQHandler  mytimer.o
    0x08000686   0x08000686   0x00000002   PAD
    0x08000688   0x08000688   0x00000020   Code   RO           48    .text.TIM3_IRQHandler  mytimer.o
    0x080006a8   0x080006a8   0x00000020   Code   RO           50    .text.TIM4_IRQHandler  mytimer.o
    0x080006c8   0x080006c8   0x00000046   Code   RO           94    .text.init_servo_moteur  controle_servo_moteur.o
    0x0800070e   0x0800070e   0x00000002   PAD
    0x08000710   0x08000710   0x00000012   Code   RO           66    .text.main          main.o
    0x08000722   0x08000722   0x00000002   PAD
    0x08000724   0x08000724   0x0000003e   Code   RO           96    .text.set_servo_motor  controle_servo_moteur.o
    0x08000762   0x08000762   0x00000002   PAD
    0x08000764   0x08000764   0x00000014   Code   RO           98    .text.start_servo_moteur  controle_servo_moteur.o
    0x08000778   0x08000778   0x0000000e   Code   RO          172    i.__scatterload_copy  mc_w.l(handlers.o)
    0x08000786   0x08000786   0x00000002   Code   RO          173    i.__scatterload_null  mc_w.l(handlers.o)
    0x08000788   0x08000788   0x0000000e   Code   RO          174    i.__scatterload_zeroinit  mc_w.l(handlers.o)
    0x08000796   0x08000796   0x00000002   PAD
    0x08000798   0x08000798   0x00000020   Data   RO          171    Region$$Table       anon$$obj.o


    Execution Region ER_RW (Exec base: 0x20000000, Load base: 0x080007b8, Size: 0x00000010, Max: 0xffffffff, ABSOLUTE)

    Exec Addr    Load Addr    Size         Type   Attr      Idx    E Section Name        Object

    0x20000000   0x080007b8   0x00000004   Data   RW           54    .data.MyTimer_TIM1_Handler  mytimer.o
    0x20000004   0x080007bc   0x00000004   Data   RW           55    .data.MyTimer_TIM2_Handler  mytimer.o
    0x20000008   0x080007c0   0x00000004   Data   RW           56    .data.MyTimer_TIM3_Handler  mytimer.o
    0x2000000c   0x080007c4   0x00000004   Data   RW           57    .data.MyTimer_TIM4_Handler  mytimer.o


    Execution Region ER_ZI (Exec base: 0x20000010, Load base: 0x080007c8, Size: 0x00000410, Max: 0xffffffff, ABSOLUTE)

    Exec Addr    Load Addr    Size         Type   Attr      Idx    E Section Name        Object

    0x20000010        -       0x00000008   Zero   RW          102    .bss.GPIO_servo_moteur  controle_servo_moteur.o
    0x20000018        -       0x00000008   Zero   RW          103    .bss.TIM3_CH3       controle_servo_moteur.o
    0x20000020        -       0x00000400   Zero   RW          111    STACK               startup_stm32f10x_md.o


==============================================================================

Image component sizes


      Code (inc. data)   RO Data    RW Data    ZI Data      Debug   Object Name

       152          0          0          0         16       2449   controle_servo_moteur.o
        18          0          0          0          0        343   main.o
       116         28          0          0          0       2167   mygpio.o
       424          4          0         16          0       5884   mytimer.o
        36          8        236          0       1024        832   startup_stm32f10x_md.o
       284          0          0          0          0       2807   system_stm32f10x.o

    ----------------------------------------------------------------------
      1044         40        268         16       1040      14482   Object Totals
         0          0         32          0          0          0   (incl. Generated)
        14          0          0          0          0          0   (incl. Padding)

    ----------------------------------------------------------------------

      Code (inc. data)   RO Data    RW Data    ZI Data      Debug   Library Member Name

         0          0          0          0          0          0   entry.o
         0          0          0          0          0          0   entry10a.o
         0          0          0          0          0          0   entry11a.o
         8          4          0          0          0          0   entry2.o
         4          0          0          0          0          0   entry5.o
         0          0          0          0          0          0   entry7b.o
         0          0          0          0          0          0   entry8b.o
         8          4          0          0          0          0   entry9a.o
        30          0          0          0          0          0   handlers.o
        36          8          0          0          0         68   init.o
         0          0          0          0          0          0   iusefp.o
        30          0          0          0          0         68   llshl.o
        32          0          0          0          0         68   llushr.o
       186          0          0          0          0        176   depilogue.o
        62          0          0          0          0         80   dfixi.o
        34          0          0          0          0         76   dflti.o
       228          0          0          0          0         96   dmul.o

    ----------------------------------------------------------------------
       664         16          0          0          0        632   Library Totals
         6          0          0          0          0          0   (incl. Padding)

    ----------------------------------------------------------------------

      Code (inc. data)   RO Data    RW Data    ZI Data      Debug   Library Name

       148         16          0          0          0        204   mc_w.l
       510          0          0          0          0        428   mf_w.l

    ----------------------------------------------------------------------
       664         16          0          0          0        632   Library Totals

    ----------------------------------------------------------------------

==============================================================================


      Code (inc. data)   RO Data    RW Data    ZI Data      Debug   

      1708         56        268         16       1040      14942   Grand Totals
      1708         56        268         16       1040      14942   ELF Image Totals
      1708         56        268         16          0          0   ROM Totals

==============================================================================

    Total RO  Size (Code + RO Data)                 1976 (   1.93kB)
    Total RW  Size (RW Data + ZI Data)              1056 (   1.03kB)
    Total ROM Size (Code + RO Data + RW Data)       1992 (   1.95kB)

==============================================================================

